// Jest Snapshot v1, https://goo.gl/fbAQLP

exports[`<PasswordInput /> matches snapshot 1`] = `
.c4 {
  border: 0;
  -webkit-clip: rect(0 0 0 0);
  clip: rect(0 0 0 0);
  height: 1px;
  margin: -1px;
  overflow: hidden;
  padding: 0;
  position: absolute;
  width: 1px;
}

.c0 {
  -webkit-align-items: center;
  -webkit-box-align: center;
  -ms-flex-align: center;
  align-items: center;
  display: -webkit-box;
  display: -webkit-flex;
  display: -ms-flexbox;
  display: flex;
  -webkit-flex-wrap: wrap;
  -ms-flex-wrap: wrap;
  flex-wrap: wrap;
  position: relative;
  width: 100%;
}

.c0::after {
  background-image: linear-gradient(to right,rgba(255,255,255,0),#fff);
  content: '';
  height: 4rem;
  pointer-events: none;
  position: absolute;
  right: 1rem;
  top: 1px;
  width: 4ch;
}

.c1 {
  border-radius: 6px;
  box-shadow: 0 6px 64px 0 rgba(0,0,0,0.07);
  font-family: 'Source Code Pro',Consolas,Monaco,'Andale Mono','Ubuntu Mono',monospace;
  font-size: 2rem;
  position: relative;
  text-align: center;
  width: 100%;
}

.c1:focus {
  box-shadow: 0 0 0 1px #8555c5;
  outline-offset: 1px;
}

.c2 {
  display: -webkit-box;
  display: -webkit-flex;
  display: -ms-flexbox;
  display: flex;
  -webkit-box-pack: space-evenly;
  -webkit-justify-content: space-evenly;
  -ms-flex-pack: space-evenly;
  justify-content: space-evenly;
  margin-top: 1rem;
  width: 100%;
}

.c3 {
  border-radius: 50%;
  display: -webkit-box;
  display: -webkit-flex;
  display: -ms-flexbox;
  display: flex;
  padding: 0.75rem;
}

.c3 path:first-child,
.c3 path:last-child {
  -webkit-transition: -webkit-transform 0.3s ease-in-out;
  -webkit-transition: transform 0.3s ease-in-out;
  transition: transform 0.3s ease-in-out;
}

.c3:focus path:first-child,
.c3:hover path:first-child {
  -webkit-transform: translate(-0.25rem,0.25rem);
  -ms-transform: translate(-0.25rem,0.25rem);
  transform: translate(-0.25rem,0.25rem);
}

.c3:focus path:last-child,
.c3:hover path:last-child {
  -webkit-transform: translate(0.25rem,-0.25rem);
  -ms-transform: translate(0.25rem,-0.25rem);
  transform: translate(0.25rem,-0.25rem);
}

@media (min-width:600px) {
  .c0 {
    background-color: #fff;
    border: 1px solid #ece9f1;
    border-radius: 0.25rem;
    -webkit-flex-wrap: nowrap;
    -ms-flex-wrap: nowrap;
    flex-wrap: nowrap;
    padding-right: 1rem;
  }

  .c0::after {
    height: 4.75rem;
    right: 32px;
    top: 0;
  }
}

@media (min-width:600px) {
  .c1 {
    border: 0;
    border-top-right-radius: 0;
    border-bottom-right-radius: 0;
    box-shadow: none;
    -webkit-flex: 1;
    -ms-flex: 1;
    flex: 1;
    font-size: 2.5rem;
  }
}

@media (min-width:600px) {
  .c2 {
    margin-top: 0;
    width: auto;
  }
}

@media (min-width:600px) {
  .c3 {
    margin-right: 1rem;
  }
}

<div
  class="c0"
>
  <input
    aria-label="Generated password"
    class="c1"
    name="generatedPassword"
    readonly=""
    type="text"
    value="test value"
  />
  <div
    class="c2"
  >
    <button
      class="c3"
    >
      <svg
        fill="#fff"
        height="32"
        viewBox="-5 -5 36 36"
        width="32"
        xmlns="http://www.w3.org/2000/svg"
      >
        <path
          d="M15.2 22.2L19.8 22.2C20.6 22.2 21.3 22.9 21.3 23.73C21.3 24.5 20.6 25.25 19.8 25.25L11.65 25.25C10.8 25.25 10.2 24.5 10.2 23.73L10.2 15.4C10.2 14.58 10.8 13.9 11.65 13.9C12.47 13.9 13.1 14.58 13.1 15.4L13.1 20.08L22.82 10.2C23.4 9.6 24.34 9.6 24.9 10.2C25.5 10.777 25.5 11.7 24.9 12.3L15.2 22.2Z"
        />
        <path
          d="M11 3.8H6.43C5.6 3.8 4.95 3.16 4.95 2.33C4.95 1.5 5.6 0.82 6.43 0.82H14.57C15.4 0.82 16.05 1.5 16.05 2.33V10.65C16.05 11.48 15.4 12.16 14.57 12.16C13.75 12.16 13.09 11.48 13.09 10.65V5.98L3.4 15.87C2.83 16.46 1.89 16.46 1.31 15.87C0.73 15.28 0.73 14.32 1.31 13.7326L11 3.8Z"
        />
      </svg>
      <span
        class="c4"
      >
        Generate a new password
      </span>
    </button>
    <button
      aria-label="Copy password to clipboard"
      type="button"
    >
      Copy
    </button>
  </div>
</div>
`;
